// Jest Snapshot v1, https://goo.gl/fbAQLP

exports[`renders homepage unchanged 1`] = `
<div>
  <main
    class="flex min-h-screen flex-col items-center justify-between p-24 bg-amber-200 text-amber-800"
  >
    <section>
      <h1
        class="text-4xl font-bold text-center"
      >
        Welcome to Bingo Game
      </h1>
      <p
        class="text-center text-xl mt-4"
      >
        Game in Progress...
      </p>
    </section>
  </main>
</div>
`;
